main.c:120:6:RCC_INIT	8	static
main.c:131:6:HW_INIT	8	static
main.c:152:10:CALCULATION_COUNTER	32	static
main.c:164:5:main	8	static
main.c:199:6:STATE0	32	static
main.c:259:6:STATE1	8	static
main.c:287:6:STATE2	8	static
main.c:367:6:STATE3	8	static
main.c:423:6:AVOID_FRONT_OBSTACLES	4	static
main.c:450:6:PARALLEL_PATH_PLANNING	8	static
main.c:505:6:UN_PARKING_PARALLEL_PATH_PLANNING	8	static
main.c:575:6:PERPENDICULAR_PATH_PLANNING	8	static
main.c:607:6:UN_PARKING_PERPENDICULAR_PATH_PLANNING	8	static
