Archive member included to satisfy reference by file (symbol)

c:/st/stm32cubeide_1.4.0/stm32cubeide/plugins/com.st.stm32cube.ide.mcu.externaltools.gnu-tools-for-stm32.7-2018-q2-update.win32_1.4.0.202007081208/tools/bin/../lib/gcc/arm-none-eabi/7.3.1/../../../../arm-none-eabi/lib/thumb/v7-m\libc_nano.a(lib_a-errno.o)
                              Src/syscalls.o (__errno)
c:/st/stm32cubeide_1.4.0/stm32cubeide/plugins/com.st.stm32cube.ide.mcu.externaltools.gnu-tools-for-stm32.7-2018-q2-update.win32_1.4.0.202007081208/tools/bin/../lib/gcc/arm-none-eabi/7.3.1/../../../../arm-none-eabi/lib/thumb/v7-m\libc_nano.a(lib_a-exit.o)
                              c:/st/stm32cubeide_1.4.0/stm32cubeide/plugins/com.st.stm32cube.ide.mcu.externaltools.gnu-tools-for-stm32.7-2018-q2-update.win32_1.4.0.202007081208/tools/bin/../lib/gcc/arm-none-eabi/7.3.1/../../../../arm-none-eabi/lib/thumb/v7-m/crt0.o (exit)
c:/st/stm32cubeide_1.4.0/stm32cubeide/plugins/com.st.stm32cube.ide.mcu.externaltools.gnu-tools-for-stm32.7-2018-q2-update.win32_1.4.0.202007081208/tools/bin/../lib/gcc/arm-none-eabi/7.3.1/../../../../arm-none-eabi/lib/thumb/v7-m\libc_nano.a(lib_a-impure.o)
                              c:/st/stm32cubeide_1.4.0/stm32cubeide/plugins/com.st.stm32cube.ide.mcu.externaltools.gnu-tools-for-stm32.7-2018-q2-update.win32_1.4.0.202007081208/tools/bin/../lib/gcc/arm-none-eabi/7.3.1/../../../../arm-none-eabi/lib/thumb/v7-m\libc_nano.a(lib_a-exit.o) (_global_impure_ptr)
c:/st/stm32cubeide_1.4.0/stm32cubeide/plugins/com.st.stm32cube.ide.mcu.externaltools.gnu-tools-for-stm32.7-2018-q2-update.win32_1.4.0.202007081208/tools/bin/../lib/gcc/arm-none-eabi/7.3.1/../../../../arm-none-eabi/lib/thumb/v7-m\libc_nano.a(lib_a-init.o)
                              c:/st/stm32cubeide_1.4.0/stm32cubeide/plugins/com.st.stm32cube.ide.mcu.externaltools.gnu-tools-for-stm32.7-2018-q2-update.win32_1.4.0.202007081208/tools/bin/../lib/gcc/arm-none-eabi/7.3.1/../../../../arm-none-eabi/lib/thumb/v7-m/crt0.o (__libc_init_array)
c:/st/stm32cubeide_1.4.0/stm32cubeide/plugins/com.st.stm32cube.ide.mcu.externaltools.gnu-tools-for-stm32.7-2018-q2-update.win32_1.4.0.202007081208/tools/bin/../lib/gcc/arm-none-eabi/7.3.1/../../../../arm-none-eabi/lib/thumb/v7-m\libc_nano.a(lib_a-memset.o)
                              c:/st/stm32cubeide_1.4.0/stm32cubeide/plugins/com.st.stm32cube.ide.mcu.externaltools.gnu-tools-for-stm32.7-2018-q2-update.win32_1.4.0.202007081208/tools/bin/../lib/gcc/arm-none-eabi/7.3.1/../../../../arm-none-eabi/lib/thumb/v7-m/crt0.o (memset)
c:/st/stm32cubeide_1.4.0/stm32cubeide/plugins/com.st.stm32cube.ide.mcu.externaltools.gnu-tools-for-stm32.7-2018-q2-update.win32_1.4.0.202007081208/tools/bin/../lib/gcc/arm-none-eabi/7.3.1/thumb/v7-m\libgcc.a(_arm_addsubdf3.o)
                              MCAL/WDGT.o (__aeabi_dsub)
c:/st/stm32cubeide_1.4.0/stm32cubeide/plugins/com.st.stm32cube.ide.mcu.externaltools.gnu-tools-for-stm32.7-2018-q2-update.win32_1.4.0.202007081208/tools/bin/../lib/gcc/arm-none-eabi/7.3.1/thumb/v7-m\libgcc.a(_arm_muldivdf3.o)
                              HAL/Servo.o (__aeabi_dmul)
c:/st/stm32cubeide_1.4.0/stm32cubeide/plugins/com.st.stm32cube.ide.mcu.externaltools.gnu-tools-for-stm32.7-2018-q2-update.win32_1.4.0.202007081208/tools/bin/../lib/gcc/arm-none-eabi/7.3.1/thumb/v7-m\libgcc.a(_arm_fixunsdfsi.o)
                              HAL/ULTRASONIC.o (__aeabi_d2uiz)
c:/st/stm32cubeide_1.4.0/stm32cubeide/plugins/com.st.stm32cube.ide.mcu.externaltools.gnu-tools-for-stm32.7-2018-q2-update.win32_1.4.0.202007081208/tools/bin/../lib/gcc/arm-none-eabi/7.3.1/thumb/v7-m\libgcc.a(_arm_truncdfsf2.o)
                              MCAL/TIMER.o (__aeabi_d2f)
c:/st/stm32cubeide_1.4.0/stm32cubeide/plugins/com.st.stm32cube.ide.mcu.externaltools.gnu-tools-for-stm32.7-2018-q2-update.win32_1.4.0.202007081208/tools/bin/../lib/gcc/arm-none-eabi/7.3.1/thumb/v7-m\libgcc.a(_arm_addsubsf3.o)
                              MCAL/TIMER.o (__aeabi_ui2f)
c:/st/stm32cubeide_1.4.0/stm32cubeide/plugins/com.st.stm32cube.ide.mcu.externaltools.gnu-tools-for-stm32.7-2018-q2-update.win32_1.4.0.202007081208/tools/bin/../lib/gcc/arm-none-eabi/7.3.1/thumb/v7-m\libgcc.a(_arm_muldivsf3.o)
                              Src/main.o (__aeabi_fmul)
c:/st/stm32cubeide_1.4.0/stm32cubeide/plugins/com.st.stm32cube.ide.mcu.externaltools.gnu-tools-for-stm32.7-2018-q2-update.win32_1.4.0.202007081208/tools/bin/../lib/gcc/arm-none-eabi/7.3.1/thumb/v7-m\libgcc.a(_arm_fixunssfsi.o)
                              MCAL/TIMER.o (__aeabi_f2uiz)

Allocating common symbols
Common symbol       size              file

distance3           0x8               HAL/ULTRASONIC.o
distance4           0x8               HAL/ULTRASONIC.o
dist3               0x4               Src/main.o
distance1           0x8               HAL/ULTRASONIC.o
time1               0x8               HAL/ULTRASONIC.o
distance2           0x8               HAL/ULTRASONIC.o
dist2               0x4               Src/main.o
[...]
Memory Configuration

Name             Origin             Length             Attributes
RAM              0x0000000020000000 0x0000000000005000 xrw
ROM              0x0000000008000000 0x0000000000010000 xr
*default*        0x0000000000000000 0xffffffffffffffff

Linker script and memory map

LOAD c:/st/stm32cubeide_1.4.0/stm32cubeide/plugins/com.st.stm32cube.ide.mcu.externaltools.gnu-tools-for-stm32.7-2018-q2-update.win32_1.4.0.202007081208/tools/bin/../lib/gcc/arm-none-eabi/7.3.1/thumb/v7-m/crti.o
LOAD c:/st/stm32cubeide_1.4.0/stm32cubeide/plugins/com.st.stm32cube.ide.mcu.externaltools.gnu-tools-for-stm32.7-2018-q2-update.win32_1.4.0.202007081208/tools/bin/../lib/gcc/arm-none-eabi/7.3.1/thumb/v7-m/crtbegin.o
LOAD c:/st/stm32cubeide_1.4.0/stm32cubeide/plugins/com.st.stm32cube.ide.mcu.externaltools.gnu-tools-for-stm32.7-2018-q2-update.win32_1.4.0.202007081208/tools/bin/../lib/gcc/arm-none-eabi/7.3.1/../../../../arm-none-eabi/lib/thumb/v7-m/crt0.o
LOAD HAL/DC_MOTOR.o
LOAD HAL/Servo.o
LOAD HAL/ULTRASONIC.o
LOAD MCAL/GPIO.o
LOAD MCAL/I2C.o
LOAD MCAL/ISR.o
LOAD MCAL/RCC.o
LOAD MCAL/TIMER.o
LOAD MCAL/UART.o
LOAD MCAL/WDGT.o
LOAD Src/main.o
LOAD Src/syscalls.o
LOAD Src/sysmem.o
LOAD Startup/startup_stm32f103c8tx.o
START GROUP
LOAD c:/st/stm32cubeide_1.4.0/stm32cubeide/plugins/com.st.stm32cube.ide.mcu.externaltools.gnu-tools-for-stm32.7-2018-q2-update.win32_1.4.0.202007081208/tools/bin/../lib/gcc/arm-none-eabi/7.3.1/../../../../arm-none-eabi/lib/thumb/v7-m\libc_nano.a
LOAD c:/st/stm32cubeide_1.4.0/stm32cubeide/plugins/com.st.stm32cube.ide.mcu.externaltools.gnu-tools-for-stm32.7-2018-q2-update.win32_1.4.0.202007081208/tools/bin/../lib/gcc/arm-none-eabi/7.3.1/../../../../arm-none-eabi/lib/thumb/v7-m\libm.a
END GROUP
START GROUP
LOAD c:/st/stm32cubeide_1.4.0/stm32cubeide/plugins/com.st.stm32cube.ide.mcu.externaltools.gnu-tools-for-stm32.7-2018-q2-update.win32_1.4.0.202007081208/tools/bin/../lib/gcc/arm-none-eabi/7.3.1/thumb/v7-m\libgcc.a
LOAD c:/st/stm32cubeide_1.4.0/stm32cubeide/plugins/com.st.stm32cube.ide.mcu.externaltools.gnu-tools-for-stm32.7-2018-q2-update.win32_1.4.0.202007081208/tools/bin/../lib/gcc/arm-none-eabi/7.3.1/../../../../arm-none-eabi/lib/thumb/v7-m\libc_nano.a
END GROUP
START GROUP
LOAD c:/st/stm32cubeide_1.4.0/stm32cubeide/plugins/com.st.stm32cube.ide.mcu.externaltools.gnu-tools-for-stm32.7-2018-q2-update.win32_1.4.0.202007081208/tools/bin/../lib/gcc/arm-none-eabi/7.3.1/thumb/v7-m\libgcc.a
LOAD c:/st/stm32cubeide_1.4.0/stm32cubeide/plugins/com.st.stm32cube.ide.mcu.externaltools.gnu-tools-for-stm32.7-2018-q2-update.win32_1.4.0.202007081208/tools/bin/../lib/gcc/arm-none-eabi/7.3.1/../../../../arm-none-eabi/lib/thumb/v7-m\libc_nano.a
LOAD c:/st/stm32cubeide_1.4.0/stm32cubeide/plugins/com.st.stm32cube.ide.mcu.externaltools.gnu-tools-for-stm32.7-2018-q2-update.win32_1.4.0.202007081208/tools/bin/../lib/gcc/arm-none-eabi/7.3.1/../../../../arm-none-eabi/lib/thumb/v7-m\libnosys.a
END GROUP
START GROUP
LOAD c:/st/stm32cubeide_1.4.0/stm32cubeide/plugins/com.st.stm32cube.ide.mcu.externaltools.gnu-tools-for-stm32.7-2018-q2-update.win32_1.4.0.202007081208/tools/bin/../lib/gcc/arm-none-eabi/7.3.1/thumb/v7-m\libgcc.a
LOAD c:/st/stm32cubeide_1.4.0/stm32cubeide/plugins/com.st.stm32cube.ide.mcu.externaltools.gnu-tools-for-stm32.7-2018-q2-update.win32_1.4.0.202007081208/tools/bin/../lib/gcc/arm-none-eabi/7.3.1/../../../../arm-none-eabi/lib/thumb/v7-m\libc_nano.a
LOAD c:/st/stm32cubeide_1.4.0/stm32cubeide/plugins/com.st.stm32cube.ide.mcu.externaltools.gnu-tools-for-stm32.7-2018-q2-update.win32_1.4.0.202007081208/tools/bin/../lib/gcc/arm-none-eabi/7.3.1/../../../../arm-none-eabi/lib/thumb/v7-m\libnosys.a
END GROUP
LOAD c:/st/stm32cubeide_1.4.0/stm32cubeide/plugins/com.st.stm32cube.ide.mcu.externaltools.gnu-tools-for-stm32.7-2018-q2-update.win32_1.4.0.202007081208/tools/bin/../lib/gcc/arm-none-eabi/7.3.1/thumb/v7-m/crtend.o
LOAD c:/st/stm32cubeide_1.4.0/stm32cubeide/plugins/com.st.stm32cube.ide.mcu.externaltools.gnu-tools-for-stm32.7-2018-q2-update.win32_1.4.0.202007081208/tools/bin/../lib/gcc/arm-none-eabi/7.3.1/thumb/v7-m/crtn.o
                0x0000000020005000                _estack = (ORIGIN (RAM) + LENGTH (RAM))
                0x0000000000000200                _Min_Heap_Size = 0x200
                0x0000000000000400                _Min_Stack_Size = 0x400

.isr_vector     0x0000000008000000      0x130
                0x0000000008000000                . = ALIGN (0x4)
 *(.isr_vector)
 .isr_vector    0x0000000008000000      0x130 Startup/startup_stm32f103c8tx.o
                0x0000000008000000                g_pfnVectors
                0x0000000008000130                . = ALIGN (0x4)

.text           0x0000000008000130     0x308c
                0x0000000008000130                . = ALIGN (0x4)
 *(.text)
 .text          0x0000000008000130       0x40 c:/st/stm32cubeide_1.4.0/stm32cubeide/plugins/com.st.stm32cube.ide.mcu.externaltools.gnu-tools-for-stm32.7-2018-q2-update.win32_1.4.0.202007081208/tools/bin/../lib/gcc/arm-none-eabi/7.3.1/thumb/v7-m/crtbegin.o
 .text          0x0000000008000170      0x378 c:/st/stm32cubeide_1.4.0/stm32cubeide/plugins/com.st.stm32cube.ide.mcu.externaltools.gnu-tools-for-stm32.7-2018-q2-update.win32_1.4.0.202007081208/tools/bin/../lib/gcc/arm-none-eabi/7.3.1/thumb/v7-m\libgcc.a(_arm_addsubdf3.o)
                0x0000000008000170                __aeabi_drsub
                0x0000000008000178                __aeabi_dsub
                0x0000000008000178                __subdf3
                0x000000000800017c                __aeabi_dadd
                0x000000000800017c                __adddf3
                0x00000000080003f4                __floatunsidf
                0x00000000080003f4                __aeabi_ui2d
                0x0000000008000414                __floatsidf
                0x0000000008000414                __aeabi_i2d
                0x0000000008000438                __aeabi_f2d
                0x0000000008000438                __extendsfdf2
                0x000000000800047c                __floatundidf
                0x000000000800047c                __aeabi_ul2d
                0x000000000800048c                __floatdidf
                0x000000000800048c                __aeabi_l2d
 .text          0x00000000080004e8      0x424 c:/st/stm32cubeide_1.4.0/stm32cubeide/plugins/com.st.stm32cube.ide.mcu.externaltools.gnu-tools-for-stm32.7-2018-q2-update.win32_1.4.0.202007081208/tools/bin/../lib/gcc/arm-none-eabi/7.3.1/thumb/v7-m\libgcc.a(_arm_muldivdf3.o)
                0x00000000080004e8                __aeabi_dmul
                0x00000000080004e8                __muldf3
                0x000000000800073c                __divdf3
                0x000000000800073c                __aeabi_ddiv
 .text          0x000000000800090c       0x40 c:/st/stm32cubeide_1.4.0/stm32cubeide/plugins/com.st.stm32cube.ide.mcu.externaltools.gnu-tools-for-stm32.7-2018-q2-update.win32_1.4.0.202007081208/tools/bin/../lib/gcc/arm-none-eabi/7.3.1/thumb/v7-m\libgcc.a(_arm_fixunsdfsi.o)
                0x000000000800090c                __aeabi_d2uiz
                0x000000000800090c                __fixunsdfsi
 .text          0x000000000800094c       0xa0 c:/st/stm32cubeide_1.4.0/stm32cubeide/plugins/com.st.stm32cube.ide.mcu.externaltools.gnu-tools-for-stm32.7-2018-q2-update.win32_1.4.0.202007081208/tools/bin/../lib/gcc/arm-none-eabi/7.3.1/thumb/v7-m\libgcc.a(_arm_truncdfsf2.o)
                0x000000000800094c                __truncdfsf2
                0x000000000800094c                __aeabi_d2f
 .text          0x00000000080009ec      0x21c c:/st/stm32cubeide_1.4.0/stm32cubeide/plugins/com.st.stm32cube.ide.mcu.externaltools.gnu-tools-for-stm32.7-2018-q2-update.win32_1.4.0.202007081208/tools/bin/../lib/gcc/arm-none-eabi/7.3.1/thumb/v7-m\libgcc.a(_arm_addsubsf3.o)
                0x00000000080009ec                __aeabi_frsub
                0x00000000080009f4                __subsf3
                0x00000000080009f4                __aeabi_fsub
                0x00000000080009f8                __aeabi_fadd
                0x00000000080009f8                __addsf3
                0x0000000008000b58                __aeabi_ui2f
                0x0000000008000b58                __floatunsisf
                0x0000000008000b60                __aeabi_i2f
                0x0000000008000b60                __floatsisf
                0x0000000008000b7c                __aeabi_ul2f
                0x0000000008000b7c                __floatundisf
                0x0000000008000b8c                __aeabi_l2f
                0x0000000008000b8c                __floatdisf
 .text          0x0000000008000c08      0x2a0 c:/st/stm32cubeide_1.4.0/stm32cubeide/plugins/com.st.stm32cube.ide.mcu.externaltools.gnu-tools-for-stm32.7-2018-q2-update.win32_1.4.0.202007081208/tools/bin/../lib/gcc/arm-none-eabi/7.3.1/thumb/v7-m\libgcc.a(_arm_muldivsf3.o)
                0x0000000008000c08                __mulsf3
                0x0000000008000c08                __aeabi_fmul
                0x0000000008000d70                __aeabi_fdiv
                0x0000000008000d70                __divsf3
 .text          0x0000000008000ea8       0x40 c:/st/stm32cubeide_1.4.0/stm32cubeide/plugins/com.st.stm32cube.ide.mcu.externaltools.gnu-tools-for-stm32.7-2018-q2-update.win32_1.4.0.202007081208/tools/bin/../lib/gcc/arm-none-eabi/7.3.1/thumb/v7-m\libgcc.a(_arm_fixunssfsi.o)
                0x0000000008000ea8                __fixunssfsi
                0x0000000008000ea8                __aeabi_f2uiz
 *(.text*)
 .text.HAL_MOTOR_Init
                0x0000000008000ee8       0x20 HAL/DC_MOTOR.o
                0x0000000008000ee8                HAL_MOTOR_Init
 .text.HAL_MOTOR_Motion
                0x0000000008000f08       0x68 HAL/DC_MOTOR.o
                0x0000000008000f08                HAL_MOTOR_Motion
 .text.HAL_Servo_Set_Angle
                0x0000000008000f70       0xa8 HAL/Servo.o
                0x0000000008000f70                HAL_Servo_Set_Angle
 .text.echo1    0x0000000008001018       0x90 HAL/ULTRASONIC.o
                0x0000000008001018                echo1
 .text.echo2    0x00000000080010a8       0x90 HAL/ULTRASONIC.o
                0x00000000080010a8                echo2
 .text.echo3    0x0000000008001138       0x90 HAL/ULTRASONIC.o
                0x0000000008001138                echo3
 .text.echo4    0x00000000080011c8       0x90 HAL/ULTRASONIC.o
                0x00000000080011c8                echo4
 .text.HAL_ULTRASONIC_INIT
                0x0000000008001258       0xa8 HAL/ULTRASONIC.o
                0x0000000008001258                HAL_ULTRASONIC_INIT
 .text.HAL_ULTRASONIC_GET_DISTANCE
                0x0000000008001300      0x134 HAL/ULTRASONIC.o
                0x0000000008001300                HAL_ULTRASONIC_GET_DISTANCE
 .text.getposition
                0x0000000008001434       0xb6 MCAL/GPIO.o
                0x0000000008001434                getposition
 *fill*         0x00000000080014ea        0x2 
 .text.MCAL_GPIO_INIT
                0x00000000080014ec      0x1b8 MCAL/GPIO.o
                0x00000000080014ec                MCAL_GPIO_INIT
 .text.MCAL_GPIO_WRITEPIN
                0x00000000080016a4       0x48 MCAL/GPIO.o
                0x00000000080016a4                MCAL_GPIO_WRITEPIN
 .text.Enable_NVIC
                0x00000000080016ec       0xcc MCAL/ISR.o
                0x00000000080016ec                Enable_NVIC
 .text.EXTI_Init
                0x00000000080017b8      0x80c MCAL/ISR.o
                0x00000000080017b8                EXTI_Init
 .text.EXTI0_IRQHandler
                0x0000000008001fc4       0x24 MCAL/ISR.o
                0x0000000008001fc4                EXTI0_IRQHandler
 .text.EXTI1_IRQHandler
                0x0000000008001fe8       0x24 MCAL/ISR.o
                0x0000000008001fe8                EXTI1_IRQHandler
 .text.EXTI2_IRQHandler
                0x000000000800200c       0x24 MCAL/ISR.o
                0x000000000800200c                EXTI2_IRQHandler
 .text.EXTI3_IRQHandler
                0x0000000008002030       0x24 MCAL/ISR.o
                0x0000000008002030                EXTI3_IRQHandler
 .text.EXTI4_IRQHandler
                0x0000000008002054       0x24 MCAL/ISR.o
                0x0000000008002054                EXTI4_IRQHandler
 .text.EXTI9_5_IRQHandler
                0x0000000008002078       0xa8 MCAL/ISR.o
                0x0000000008002078                EXTI9_5_IRQHandler
 .text.EXTI15_10_IRQHandler
                0x0000000008002120       0xc4 MCAL/ISR.o
                0x0000000008002120                EXTI15_10_IRQHandler
 .text.MCAL_RCC_Peripherals_enable
                0x00000000080021e4       0xb4 MCAL/RCC.o
                0x00000000080021e4                MCAL_RCC_Peripherals_enable
 .text.MCAL_RCC_GetSYS_CLCKFreq
                0x0000000008002298      0x108 MCAL/RCC.o
                0x0000000008002298                MCAL_RCC_GetSYS_CLCKFreq
 .text.MCAL_RCC_GetHCLKFreq
                0x00000000080023a0       0x1c MCAL/RCC.o
                0x00000000080023a0                MCAL_RCC_GetHCLKFreq
 .text.MCAL_RCC_GetPCLK1Freq
                0x00000000080023bc       0x1c MCAL/RCC.o
                0x00000000080023bc                MCAL_RCC_GetPCLK1Freq
 .text.MCAL_RCC_GetPCLK2Freq
                0x00000000080023d8       0x1c MCAL/RCC.o
                0x00000000080023d8                MCAL_RCC_GetPCLK2Freq
 .text.MCAL_PWM_Init
                0x00000000080023f4      0x34c MCAL/TIMER.o
                0x00000000080023f4                MCAL_PWM_Init
 .text.delay    0x0000000008002740      0x15c MCAL/TIMER.o
                0x0000000008002740                delay
 .text.TIME_CALCULATION
                0x000000000800289c       0xe0 MCAL/TIMER.o
                0x000000000800289c                TIME_CALCULATION
 .text.TIM2_IRQHandler
                0x000000000800297c       0x3c MCAL/TIMER.o
                0x000000000800297c                TIM2_IRQHandler
 .text.TIM3_IRQHandler
                0x00000000080029b8       0x2c MCAL/TIMER.o
                0x00000000080029b8                TIM3_IRQHandler
 .text.TIM4_IRQHandler
                0x00000000080029e4       0x2c MCAL/TIMER.o
                0x00000000080029e4                TIM4_IRQHandler
 .text.USART1_IRQHandler
                0x0000000008002a10       0x14 MCAL/UART.o
                0x0000000008002a10                USART1_IRQHandler
 .text.USART2_IRQHandler
                0x0000000008002a24       0x14 MCAL/UART.o
                0x0000000008002a24                USART2_IRQHandler
 .text.USART3_IRQHandler
                0x0000000008002a38       0x14 MCAL/UART.o
                0x0000000008002a38                USART3_IRQHandler
 .text.RCC_INIT
                0x0000000008002a4c       0x2e Src/main.o
                0x0000000008002a4c                RCC_INIT
 .text.HW_INIT  0x0000000008002a7a       0x24 Src/main.o
                0x0000000008002a7a                HW_INIT
 *fill*         0x0000000008002a9e        0x2 
 .text.CALCULATION_COUNTER
                0x0000000008002aa0       0x5c Src/main.o
                0x0000000008002aa0                CALCULATION_COUNTER
 .text.main     0x0000000008002afc       0x54 Src/main.o
                0x0000000008002afc                main
 .text.STATE1   0x0000000008002b50       0x54 Src/main.o
                0x0000000008002b50                STATE1
 .text.STATE2   0x0000000008002ba4       0xb0 Src/main.o
                0x0000000008002ba4                STATE2
 .text.STATE3   0x0000000008002c54       0xe0 Src/main.o
                0x0000000008002c54                STATE3
 .text.AVOID_FRONT_OBSTACLES
                0x0000000008002d34        0xc Src/main.o
                0x0000000008002d34                AVOID_FRONT_OBSTACLES
 .text.PARALLEL_PATH_PLANNING
                0x0000000008002d40      0x134 Src/main.o
                0x0000000008002d40                PARALLEL_PATH_PLANNING
 *fill*         0x0000000008002e74        0x4 
 .text.UN_PARKING_PARALLEL_PATH_PLANNING
                0x0000000008002e78      0x13c Src/main.o
                0x0000000008002e78                UN_PARKING_PARALLEL_PATH_PLANNING
 .text.PERPENDICULAR_PATH_PLANNING
                0x0000000008002fb4       0xa4 Src/main.o
                0x0000000008002fb4                PERPENDICULAR_PATH_PLANNING
 .text.UN_PARKING_PERPENDICULAR_PATH_PLANNING
                0x0000000008003058       0xb0 Src/main.o
                0x0000000008003058                UN_PARKING_PERPENDICULAR_PATH_PLANNING
 .text.Reset_Handler
                0x0000000008003108       0x50 Startup/startup_stm32f103c8tx.o
                0x0000000008003108                Reset_Handler
 .text.Default_Handler
                0x0000000008003158        0x2 Startup/startup_stm32f103c8tx.o
                0x0000000008003158                TIM8_TRG_COM_IRQHandler
                0x0000000008003158                TIM8_CC_IRQHandler
                0x0000000008003158                DebugMon_Handler
                0x0000000008003158                TIM1_CC_IRQHandler
                0x0000000008003158                HardFault_Handler
                0x0000000008003158                TIM6_IRQHandler
                0x0000000008003158                SysTick_Handler
                0x0000000008003158                PVD_IRQHandler
                0x0000000008003158                SDIO_IRQHandler
                0x0000000008003158                PendSV_Handler
                0x0000000008003158                NMI_Handler
                0x0000000008003158                USB_HP_CAN_TX_IRQHandler
                0x0000000008003158                I2C2_EV_IRQHandler
                0x0000000008003158                UsageFault_Handler
                0x0000000008003158                ADC1_2_IRQHandler
                0x0000000008003158                SPI1_IRQHandler
                0x0000000008003158                CAN_SCE_IRQHandler
                0x0000000008003158                TAMPER_IRQHandler
                0x0000000008003158                TIM8_UP_IRQHandler
                0x0000000008003158                DMA2_Channel2_IRQHandler
                0x0000000008003158                DMA1_Channel4_IRQHandler
                0x0000000008003158                RTC_IRQHandler
                0x0000000008003158                DMA1_Channel7_IRQHandler
                0x0000000008003158                UART5_IRQHandler
                0x0000000008003158                ADC3_IRQHandler
                0x0000000008003158                CAN_RX1_IRQHandler
                0x0000000008003158                DMA2_Channel1_IRQHandler
                0x0000000008003158                I2C1_EV_IRQHandler
                0x0000000008003158                DMA1_Channel6_IRQHandler
                0x0000000008003158                UART4_IRQHandler
                0x0000000008003158                RCC_IRQHandler
                0x0000000008003158                TIM1_TRG_COM_IRQHandler
                0x0000000008003158                DMA1_Channel1_IRQHandler
                0x0000000008003158                Default_Handler
                0x0000000008003158                TIM7_IRQHandler
                0x0000000008003158                TIM5_IRQHandler
                0x0000000008003158                SPI2_IRQHandler
                0x0000000008003158                USB_LP_CAN_RX0_IRQHandler
                0x0000000008003158                MemManage_Handler
                0x0000000008003158                SVC_Handler
                0x0000000008003158                DMA1_Channel5_IRQHandler
                0x0000000008003158                DMA1_Channel3_IRQHandler
                0x0000000008003158                FSMC_IRQHandler
                0x0000000008003158                TIM1_UP_IRQHandler
                0x0000000008003158                WWDG_IRQHandler
                0x0000000008003158                TIM1_BRK_IRQHandler
                0x0000000008003158                RTCAlarm_IRQHandler
                0x0000000008003158                DMA2_Channel4_5_IRQHandler
                0x0000000008003158                I2C2_ER_IRQHandler
                0x0000000008003158                DMA1_Channel2_IRQHandler
                0x0000000008003158                TIM8_BRK_IRQHandler
                0x0000000008003158                FLASH_IRQHandler
                0x0000000008003158                BusFault_Handler
                0x0000000008003158                SPI3_IRQHandler
                0x0000000008003158                I2C1_ER_IRQHandler
                0x0000000008003158                DMA2_Channel3_IRQHandler
 *fill*         0x000000000800315a        0x2 
 .text.__libc_init_array
                0x000000000800315c       0x48 c:/st/stm32cubeide_1.4.0/stm32cubeide/plugins/com.st.stm32cube.ide.mcu.externaltools.gnu-tools-for-stm32.7-2018-q2-update.win32_1.4.0.202007081208/tools/bin/../lib/gcc/arm-none-eabi/7.3.1/../../../../arm-none-eabi/lib/thumb/v7-m\libc_nano.a(lib_a-init.o)
                0x000000000800315c                __libc_init_array
 *(.glue_7)
 .glue_7        0x00000000080031a4        0x0 linker stubs
 *(.glue_7t)
 .glue_7t       0x00000000080031a4        0x0 linker stubs
 *(.eh_frame)
 .eh_frame      0x00000000080031a4        0x0 c:/st/stm32cubeide_1.4.0/stm32cubeide/plugins/com.st.stm32cube.ide.mcu.externaltools.gnu-tools-for-stm32.7-2018-q2-update.win32_1.4.0.202007081208/tools/bin/../lib/gcc/arm-none-eabi/7.3.1/thumb/v7-m/crtbegin.o
 *(.init)
 .init          0x00000000080031a4        0x4 c:/st/stm32cubeide_1.4.0/stm32cubeide/plugins/com.st.stm32cube.ide.mcu.externaltools.gnu-tools-for-stm32.7-2018-q2-update.win32_1.4.0.202007081208/tools/bin/../lib/gcc/arm-none-eabi/7.3.1/thumb/v7-m/crti.o
                0x00000000080031a4                _init
 .init          0x00000000080031a8        0x8 c:/st/stm32cubeide_1.4.0/stm32cubeide/plugins/com.st.stm32cube.ide.mcu.externaltools.gnu-tools-for-stm32.7-2018-q2-update.win32_1.4.0.202007081208/tools/bin/../lib/gcc/arm-none-eabi/7.3.1/thumb/v7-m/crtn.o
 *(.fini)
 .fini          0x00000000080031b0        0x4 c:/st/stm32cubeide_1.4.0/stm32cubeide/plugins/com.st.stm32cube.ide.mcu.externaltools.gnu-tools-for-stm32.7-2018-q2-update.win32_1.4.0.202007081208/tools/bin/../lib/gcc/arm-none-eabi/7.3.1/thumb/v7-m/crti.o
                0x00000000080031b0                _fini
 .fini          0x00000000080031b4        0x8 c:/st/stm32cubeide_1.4.0/stm32cubeide/plugins/com.st.stm32cube.ide.mcu.externaltools.gnu-tools-for-stm32.7-2018-q2-update.win32_1.4.0.202007081208/tools/bin/../lib/gcc/arm-none-eabi/7.3.1/thumb/v7-m/crtn.o
                0x00000000080031bc                . = ALIGN (0x4)
                0x00000000080031bc                _etext = .

.vfp11_veneer   0x00000000080031bc        0x0
 .vfp11_veneer  0x00000000080031bc        0x0 linker stubs

.v4_bx          0x00000000080031bc        0x0
 .v4_bx         0x00000000080031bc        0x0 linker stubs

.iplt           0x00000000080031bc        0x0
 .iplt          0x00000000080031bc        0x0 c:/st/stm32cubeide_1.4.0/stm32cubeide/plugins/com.st.stm32cube.ide.mcu.externaltools.gnu-tools-for-stm32.7-2018-q2-update.win32_1.4.0.202007081208/tools/bin/../lib/gcc/arm-none-eabi/7.3.1/thumb/v7-m/crtbegin.o

.rel.dyn        0x00000000080031bc        0x0
 .rel.iplt      0x00000000080031bc        0x0 c:/st/stm32cubeide_1.4.0/stm32cubeide/plugins/com.st.stm32cube.ide.mcu.externaltools.gnu-tools-for-stm32.7-2018-q2-update.win32_1.4.0.202007081208/tools/bin/../lib/gcc/arm-none-eabi/7.3.1/thumb/v7-m/crtbegin.o

.rodata         0x00000000080031bc        0x0
                0x00000000080031bc                . = ALIGN (0x4)
 *(.rodata)
 *(.rodata*)
                0x00000000080031bc                . = ALIGN (0x4)

.ARM.extab      0x00000000080031bc        0x0
                0x00000000080031bc                . = ALIGN (0x4)
 *(.ARM.extab* .gnu.linkonce.armextab.*)
                0x00000000080031bc                . = ALIGN (0x4)

.ARM            0x00000000080031bc        0x0
                0x00000000080031bc                . = ALIGN (0x4)
                0x00000000080031bc                __exidx_start = .
 *(.ARM.exidx*)
                0x00000000080031bc                __exidx_end = .
                0x00000000080031bc                . = ALIGN (0x4)

.preinit_array  0x00000000080031bc        0x0
                0x00000000080031bc                . = ALIGN (0x4)
                0x00000000080031bc                PROVIDE (__preinit_array_start = .)
 *(.preinit_array*)
                0x00000000080031bc                PROVIDE (__preinit_array_end = .)
                0x00000000080031bc                . = ALIGN (0x4)

.init_array     0x00000000080031bc        0x4
                0x00000000080031bc                . = ALIGN (0x4)
                0x00000000080031bc                PROVIDE (__init_array_start = .)
 *(SORT_BY_NAME(.init_array.*))
 *(.init_array*)
 .init_array    0x00000000080031bc        0x4 c:/st/stm32cubeide_1.4.0/stm32cubeide/plugins/com.st.stm32cube.ide.mcu.externaltools.gnu-tools-for-stm32.7-2018-q2-update.win32_1.4.0.202007081208/tools/bin/../lib/gcc/arm-none-eabi/7.3.1/thumb/v7-m/crtbegin.o
                0x00000000080031c0                PROVIDE (__init_array_end = .)
                0x00000000080031c0                . = ALIGN (0x4)

.fini_array     0x00000000080031c0        0x4
                0x00000000080031c0                . = ALIGN (0x4)
                [!provide]                        PROVIDE (__fini_array_start = .)
 *(SORT_BY_NAME(.fini_array.*))
 *(.fini_array*)
 .fini_array    0x00000000080031c0        0x4 c:/st/stm32cubeide_1.4.0/stm32cubeide/plugins/com.st.stm32cube.ide.mcu.externaltools.gnu-tools-for-stm32.7-2018-q2-update.win32_1.4.0.202007081208/tools/bin/../lib/gcc/arm-none-eabi/7.3.1/thumb/v7-m/crtbegin.o
                [!provide]                        PROVIDE (__fini_array_end = .)
                0x00000000080031c4                . = ALIGN (0x4)
                0x00000000080031c4                _sidata = LOADADDR (.data)

.data           0x0000000020000000        0x8 load address 0x00000000080031c4
                0x0000000020000000                . = ALIGN (0x4)
                0x0000000020000000                _sdata = .
 *(.data)
 *(.data*)
 .data.delay_flag
                0x0000000020000000        0x1 MCAL/TIMER.o
                0x0000000020000000                delay_flag
 *fill*         0x0000000020000001        0x3 
 .data.delay_TIMER
                0x0000000020000004        0x4 MCAL/TIMER.o
                0x0000000020000004                delay_TIMER
                0x0000000020000008                . = ALIGN (0x4)
                0x0000000020000008                _edata = .

.igot.plt       0x0000000020000008        0x0 load address 0x00000000080031cc
 .igot.plt      0x0000000020000008        0x0 c:/st/stm32cubeide_1.4.0/stm32cubeide/plugins/com.st.stm32cube.ide.mcu.externaltools.gnu-tools-for-stm32.7-2018-q2-update.win32_1.4.0.202007081208/tools/bin/../lib/gcc/arm-none-eabi/7.3.1/thumb/v7-m/crtbegin.o
                0x0000000020000008                . = ALIGN (0x4)

.bss            0x0000000020000008       0xc8 load address 0x00000000080031cc
                0x0000000020000008                _sbss = .
                0x0000000020000008                __bss_start__ = _sbss
 *(.bss)
 .bss           0x0000000020000008       0x1c c:/st/stm32cubeide_1.4.0/stm32cubeide/plugins/com.st.stm32cube.ide.mcu.externaltools.gnu-tools-for-stm32.7-2018-q2-update.win32_1.4.0.202007081208/tools/bin/../lib/gcc/arm-none-eabi/7.3.1/thumb/v7-m/crtbegin.o
 *(.bss*)
 .bss.flag_ehco1
                0x0000000020000024        0x1 HAL/ULTRASONIC.o
                0x0000000020000024                flag_ehco1
 .bss.flag_ehco2
                0x0000000020000025        0x1 HAL/ULTRASONIC.o
                0x0000000020000025                flag_ehco2
 .bss.flag_ehco3
                0x0000000020000026        0x1 HAL/ULTRASONIC.o
                0x0000000020000026                flag_ehco3
 .bss.flag_ehco4
                0x0000000020000027        0x1 HAL/ULTRASONIC.o
                0x0000000020000027                flag_ehco4
 .bss.overflowtims
                0x0000000020000028        0x2 MCAL/TIMER.o
                0x0000000020000028                overflowtims
 .bss.overflowtims1
                0x000000002000002a        0x2 MCAL/TIMER.o
                0x000000002000002a                overflowtims1
 .bss.timer_ticks
                0x000000002000002c        0x2 MCAL/TIMER.o
                0x000000002000002c                timer_ticks
 .bss.STATE     0x000000002000002e        0x1 Src/main.o
                0x000000002000002e                STATE
 *fill*         0x000000002000002f        0x1 
 .bss.total_steps_parallel
                0x0000000020000030        0x4 Src/main.o
                0x0000000020000030                total_steps_parallel
 .bss.total_steps_perpendicular
                0x0000000020000034        0x4 Src/main.o
                0x0000000020000034                total_steps_perpendicular
 .bss.PERPENDICULAR_COUNTER
                0x0000000020000038        0x4 Src/main.o
                0x0000000020000038                PERPENDICULAR_COUNTER
 .bss.PARALLEL_COUNTER
                0x000000002000003c        0x4 Src/main.o
                0x000000002000003c                PARALLEL_COUNTER
 *(COMMON)
 COMMON         0x0000000020000040       0x40 HAL/ULTRASONIC.o
                0x0000000020000040                distance3
                0x0000000020000048                distance4
                0x0000000020000050                distance1
                0x0000000020000058                time1
                0x0000000020000060                distance2
                0x0000000020000068                time4
                0x0000000020000070                time3
                0x0000000020000078                time2
 COMMON         0x0000000020000080       0x3c MCAL/ISR.o
                0x0000000020000080                GP_IRQ_Callback
 COMMON         0x00000000200000bc        0x8 MCAL/TIMER.o
                0x00000000200000bc                TIM_Crr
                0x00000000200000c0                TIM_Arr
 COMMON         0x00000000200000c4        0xc Src/main.o
                0x00000000200000c4                dist3
                0x00000000200000c8                dist2
                0x00000000200000cc                dist1
                0x00000000200000d0                . = ALIGN (0x4)
                0x00000000200000d0                _ebss = .
                0x00000000200000d0                __bss_end__ = _ebss

._user_heap_stack
                0x00000000200000d0      0x600 load address 0x00000000080031cc
                0x00000000200000d0                . = ALIGN (0x8)
                [!provide]                        PROVIDE (end = .)
                0x00000000200000d0                PROVIDE (_end = .)
                0x00000000200002d0                . = (. + _Min_Heap_Size)
 *fill*         0x00000000200000d0      0x200 
                0x00000000200006d0                . = (. + _Min_Stack_Size)
 *fill*         0x00000000200002d0      0x400 
                0x00000000200006d0                . = ALIGN (0x8)

/DISCARD/
 libc.a(*)
 libm.a(*)
 libgcc.a(*)

.ARM.attributes
                0x0000000000000000       0x29
 *(.ARM.attributes)
 .ARM.attributes
                0x0000000000000000       0x1d c:/st/stm32cubeide_1.4.0/stm32cubeide/plugins/com.st.stm32cube.ide.mcu.externaltools.gnu-tools-for-stm32.7-2018-q2-update.win32_1.4.0.202007081208/tools/bin/../lib/gcc/arm-none-eabi/7.3.1/thumb/v7-m/crti.o
 .ARM.attributes
                0x000000000000001d       0x2d c:/st/stm32cubeide_1.4.0/stm32cubeide/plugins/com.st.stm32cube.ide.mcu.externaltools.gnu-tools-for-stm32.7-2018-q2-update.win32_1.4.0.202007081208/tools/bin/../lib/gcc/arm-none-eabi/7.3.1/thumb/v7-m/crtbegin.o
 .ARM.attributes
                0x000000000000004a       0x33 HAL/DC_MOTOR.o
 .ARM.attributes
                0x000000000000007d       0x33 HAL/Servo.o
 .ARM.attributes
                0x00000000000000b0       0x33 HAL/ULTRASONIC.o
 .ARM.attributes
                0x00000000000000e3       0x33 MCAL/GPIO.o
 .ARM.attributes
                0x0000000000000116       0x33 MCAL/ISR.o
 .ARM.attributes
                0x0000000000000149       0x33 MCAL/RCC.o
 .ARM.attributes
                0x000000000000017c       0x33 MCAL/TIMER.o
 .ARM.attributes
                0x00000000000001af       0x33 MCAL/UART.o
 .ARM.attributes
                0x00000000000001e2       0x33 Src/main.o
 .ARM.attributes
                0x0000000000000215       0x21 Startup/startup_stm32f103c8tx.o
 .ARM.attributes
                0x0000000000000236       0x2d c:/st/stm32cubeide_1.4.0/stm32cubeide/plugins/com.st.stm32cube.ide.mcu.externaltools.gnu-tools-for-stm32.7-2018-q2-update.win32_1.4.0.202007081208/tools/bin/../lib/gcc/arm-none-eabi/7.3.1/../../../../arm-none-eabi/lib/thumb/v7-m\libc_nano.a(lib_a-init.o)
 .ARM.attributes
                0x0000000000000263       0x1d c:/st/stm32cubeide_1.4.0/stm32cubeide/plugins/com.st.stm32cube.ide.mcu.externaltools.gnu-tools-for-stm32.7-2018-q2-update.win32_1.4.0.202007081208/tools/bin/../lib/gcc/arm-none-eabi/7.3.1/thumb/v7-m\libgcc.a(_arm_addsubdf3.o)
 .ARM.attributes
                0x0000000000000280       0x1d c:/st/stm32cubeide_1.4.0/stm32cubeide/plugins/com.st.stm32cube.ide.mcu.externaltools.gnu-tools-for-stm32.7-2018-q2-update.win32_1.4.0.202007081208/tools/bin/../lib/gcc/arm-none-eabi/7.3.1/thumb/v7-m\libgcc.a(_arm_muldivdf3.o)
 .ARM.attributes
                0x000000000000029d       0x1d c:/st/stm32cubeide_1.4.0/stm32cubeide/plugins/com.st.stm32cube.ide.mcu.externaltools.gnu-tools-for-stm32.7-2018-q2-update.win32_1.4.0.202007081208/tools/bin/../lib/gcc/arm-none-eabi/7.3.1/thumb/v7-m\libgcc.a(_arm_fixunsdfsi.o)
 .ARM.attributes
                0x00000000000002ba       0x1d c:/st/stm32cubeide_1.4.0/stm32cubeide/plugins/com.st.stm32cube.ide.mcu.externaltools.gnu-tools-for-stm32.7-2018-q2-update.win32_1.4.0.202007081208/tools/bin/../lib/gcc/arm-none-eabi/7.3.1/thumb/v7-m\libgcc.a(_arm_truncdfsf2.o)
 .ARM.attributes
                0x00000000000002d7       0x1d c:/st/stm32cubeide_1.4.0/stm32cubeide/plugins/com.st.stm32cube.ide.mcu.externaltools.gnu-tools-for-stm32.7-2018-q2-update.win32_1.4.0.202007081208/tools/bin/../lib/gcc/arm-none-eabi/7.3.1/thumb/v7-m\libgcc.a(_arm_addsubsf3.o)
 .ARM.attributes
                0x00000000000002f4       0x1d c:/st/stm32cubeide_1.4.0/stm32cubeide/plugins/com.st.stm32cube.ide.mcu.externaltools.gnu-tools-for-stm32.7-2018-q2-update.win32_1.4.0.202007081208/tools/bin/../lib/gcc/arm-none-eabi/7.3.1/thumb/v7-m\libgcc.a(_arm_muldivsf3.o)
 .ARM.attributes
                0x0000000000000311       0x1d c:/st/stm32cubeide_1.4.0/stm32cubeide/plugins/com.st.stm32cube.ide.mcu.externaltools.gnu-tools-for-stm32.7-2018-q2-update.win32_1.4.0.202007081208/tools/bin/../lib/gcc/arm-none-eabi/7.3.1/thumb/v7-m\libgcc.a(_arm_fixunssfsi.o)
 .ARM.attributes
                0x000000000000032e       0x1d c:/st/stm32cubeide_1.4.0/stm32cubeide/plugins/com.st.stm32cube.ide.mcu.externaltools.gnu-tools-for-stm32.7-2018-q2-update.win32_1.4.0.202007081208/tools/bin/../lib/gcc/arm-none-eabi/7.3.1/thumb/v7-m/crtn.o
OUTPUT(Autonomous_Parking.elf elf32-littlearm)

.debug_info     0x0000000000000000     0x6425
 .debug_info    0x0000000000000000      0x960 HAL/DC_MOTOR.o
 .debug_info    0x0000000000000960      0x931 HAL/Servo.o
 .debug_info    0x0000000000001291      0xacd HAL/ULTRASONIC.o
 .debug_info    0x0000000000001d5e      0xbef MCAL/GPIO.o
 .debug_info    0x000000000000294d      0xb45 MCAL/ISR.o
 .debug_info    0x0000000000003492      0xab1 MCAL/RCC.o
 .debug_info    0x0000000000003f43      0xd0c MCAL/TIMER.o
 .debug_info    0x0000000000004c4f      0xc39 MCAL/UART.o
 .debug_info    0x0000000000005888      0xb7b Src/main.o
 .debug_info    0x0000000000006403       0x22 Startup/startup_stm32f103c8tx.o

.debug_abbrev   0x0000000000000000     0x12fb
 .debug_abbrev  0x0000000000000000      0x1a4 HAL/DC_MOTOR.o
 .debug_abbrev  0x00000000000001a4      0x1b7 HAL/Servo.o
 .debug_abbrev  0x000000000000035b      0x1f8 HAL/ULTRASONIC.o
 .debug_abbrev  0x0000000000000553      0x271 MCAL/GPIO.o
 .debug_abbrev  0x00000000000007c4      0x20e MCAL/ISR.o
 .debug_abbrev  0x00000000000009d2      0x20a MCAL/RCC.o
 .debug_abbrev  0x0000000000000bdc      0x262 MCAL/TIMER.o
 .debug_abbrev  0x0000000000000e3e      0x248 MCAL/UART.o
 .debug_abbrev  0x0000000000001086      0x263 Src/main.o
 .debug_abbrev  0x00000000000012e9       0x12 Startup/startup_stm32f103c8tx.o

.debug_aranges  0x0000000000000000      0x320
 .debug_aranges
                0x0000000000000000       0x28 HAL/DC_MOTOR.o
 .debug_aranges
                0x0000000000000028       0x20 HAL/Servo.o
 .debug_aranges
                0x0000000000000048       0x48 HAL/ULTRASONIC.o
 .debug_aranges
                0x0000000000000090       0x78 MCAL/GPIO.o
 .debug_aranges
                0x0000000000000108       0x70 MCAL/ISR.o
 .debug_aranges
                0x0000000000000178       0x50 MCAL/RCC.o
 .debug_aranges
                0x00000000000001c8       0x50 MCAL/TIMER.o
 .debug_aranges
                0x0000000000000218       0x60 MCAL/UART.o
 .debug_aranges
                0x0000000000000278       0x80 Src/main.o
 .debug_aranges
                0x00000000000002f8       0x28 Startup/startup_stm32f103c8tx.o

.debug_ranges   0x0000000000000000      0x288
 .debug_ranges  0x0000000000000000       0x18 HAL/DC_MOTOR.o
 .debug_ranges  0x0000000000000018       0x10 HAL/Servo.o
 .debug_ranges  0x0000000000000028       0x38 HAL/ULTRASONIC.o
 .debug_ranges  0x0000000000000060       0x68 MCAL/GPIO.o
 .debug_ranges  0x00000000000000c8       0x60 MCAL/ISR.o
 .debug_ranges  0x0000000000000128       0x40 MCAL/RCC.o
 .debug_ranges  0x0000000000000168       0x40 MCAL/TIMER.o
 .debug_ranges  0x00000000000001a8       0x50 MCAL/UART.o
 .debug_ranges  0x00000000000001f8       0x70 Src/main.o
 .debug_ranges  0x0000000000000268       0x20 Startup/startup_stm32f103c8tx.o

.debug_macro    0x0000000000000000     0x359f
 .debug_macro   0x0000000000000000      0x15f HAL/DC_MOTOR.o
 .debug_macro   0x000000000000015f      0xa60 HAL/DC_MOTOR.o
 .debug_macro   0x0000000000000bbf       0x18 HAL/DC_MOTOR.o
 .debug_macro   0x0000000000000bd7       0x22 HAL/DC_MOTOR.o
 .debug_macro   0x0000000000000bf9       0x40 HAL/DC_MOTOR.o
 .debug_macro   0x0000000000000c39       0x94 HAL/DC_MOTOR.o
 .debug_macro   0x0000000000000ccd       0x3c HAL/DC_MOTOR.o
 .debug_macro   0x0000000000000d09       0x34 HAL/DC_MOTOR.o
 .debug_macro   0x0000000000000d3d       0x16 HAL/DC_MOTOR.o
 .debug_macro   0x0000000000000d53      0x10e HAL/DC_MOTOR.o
 .debug_macro   0x0000000000000e61       0x8d HAL/DC_MOTOR.o
 .debug_macro   0x0000000000000eee       0x57 HAL/DC_MOTOR.o
 .debug_macro   0x0000000000000f45       0x52 HAL/DC_MOTOR.o
 .debug_macro   0x0000000000000f97       0x1f HAL/DC_MOTOR.o
 .debug_macro   0x0000000000000fb6       0x43 HAL/DC_MOTOR.o
 .debug_macro   0x0000000000000ff9       0x20 HAL/DC_MOTOR.o
 .debug_macro   0x0000000000001019      0x1a3 HAL/DC_MOTOR.o
 .debug_macro   0x00000000000011bc      0x330 HAL/DC_MOTOR.o
 .debug_macro   0x00000000000014ec       0x16 HAL/DC_MOTOR.o
 .debug_macro   0x0000000000001502       0x29 HAL/DC_MOTOR.o
 .debug_macro   0x000000000000152b       0xef HAL/DC_MOTOR.o
 .debug_macro   0x000000000000161a       0x6a HAL/DC_MOTOR.o
 .debug_macro   0x0000000000001684      0x1df HAL/DC_MOTOR.o
 .debug_macro   0x0000000000001863      0x215 HAL/DC_MOTOR.o
 .debug_macro   0x0000000000001a78       0xe8 HAL/DC_MOTOR.o
 .debug_macro   0x0000000000001b60       0xe2 HAL/DC_MOTOR.o
 .debug_macro   0x0000000000001c42       0x22 HAL/DC_MOTOR.o
 .debug_macro   0x0000000000001c64      0x237 HAL/Servo.o
 .debug_macro   0x0000000000001e9b       0x1c HAL/Servo.o
 .debug_macro   0x0000000000001eb7       0x35 HAL/Servo.o
 .debug_macro   0x0000000000001eec       0x10 HAL/Servo.o
 .debug_macro   0x0000000000001efc       0x10 HAL/Servo.o
 .debug_macro   0x0000000000001f0c       0x1c HAL/Servo.o
 .debug_macro   0x0000000000001f28       0x52 HAL/Servo.o
 .debug_macro   0x0000000000001f7a       0x40 HAL/Servo.o
 .debug_macro   0x0000000000001fba       0x10 HAL/Servo.o
 .debug_macro   0x0000000000001fca       0x40 HAL/Servo.o
 .debug_macro   0x000000000000200a       0xd7 HAL/Servo.o
 .debug_macro   0x00000000000020e1       0x1c HAL/Servo.o
 .debug_macro   0x00000000000020fd       0x3d HAL/Servo.o
 .debug_macro   0x000000000000213a       0x16 HAL/Servo.o
 .debug_macro   0x0000000000002150      0x145 HAL/Servo.o
 .debug_macro   0x0000000000002295       0xd0 HAL/Servo.o
 .debug_macro   0x0000000000002365       0x1c HAL/Servo.o
 .debug_macro   0x0000000000002381      0x244 HAL/ULTRASONIC.o
 .debug_macro   0x00000000000025c5       0x3a HAL/ULTRASONIC.o
 .debug_macro   0x00000000000025ff      0x148 MCAL/GPIO.o
 .debug_macro   0x0000000000002747      0x222 MCAL/ISR.o
 .debug_macro   0x0000000000002969       0x16 MCAL/ISR.o
 .debug_macro   0x000000000000297f       0x97 MCAL/ISR.o
 .debug_macro   0x0000000000002a16       0xfd MCAL/ISR.o
 .debug_macro   0x0000000000002b13       0xca MCAL/ISR.o
 .debug_macro   0x0000000000002bdd      0x13f MCAL/RCC.o
 .debug_macro   0x0000000000002d1c       0xe2 MCAL/RCC.o
 .debug_macro   0x0000000000002dfe      0x22b MCAL/TIMER.o
 .debug_macro   0x0000000000003029      0x157 MCAL/UART.o
 .debug_macro   0x0000000000003180       0xd6 MCAL/UART.o
 .debug_macro   0x0000000000003256      0x2e1 Src/main.o
 .debug_macro   0x0000000000003537       0x28 Src/main.o
 .debug_macro   0x000000000000355f       0x40 Src/main.o

.debug_line     0x0000000000000000     0x4068
 .debug_line    0x0000000000000000      0x5c9 HAL/DC_MOTOR.o
 .debug_line    0x00000000000005c9      0x676 HAL/Servo.o
 .debug_line    0x0000000000000c3f      0x70b HAL/ULTRASONIC.o
 .debug_line    0x000000000000134a      0x674 MCAL/GPIO.o
 .debug_line    0x00000000000019be      0xab4 MCAL/ISR.o
 .debug_line    0x0000000000002472      0x5dd MCAL/RCC.o
 .debug_line    0x0000000000002a4f      0x720 MCAL/TIMER.o
 .debug_line    0x000000000000316f      0x63f MCAL/UART.o
 .debug_line    0x00000000000037ae      0x836 Src/main.o
 .debug_line    0x0000000000003fe4       0x84 Startup/startup_stm32f103c8tx.o

.debug_str      0x0000000000000000     0xa5fc
 .debug_str     0x0000000000000000     0x7e9a HAL/DC_MOTOR.o
                                       0x80f2 (size before relaxing)
 .debug_str     0x0000000000007e9a     0x15f2 HAL/Servo.o
                                       0x963b (size before relaxing)
 .debug_str     0x000000000000948c      0x1cb HAL/ULTRASONIC.o
                                       0x97d7 (size before relaxing)
 .debug_str     0x0000000000009657      0x126 MCAL/GPIO.o
                                       0x81a3 (size before relaxing)
 .debug_str     0x000000000000977d      0x15a MCAL/ISR.o
                                       0x971c (size before relaxing)
 .debug_str     0x00000000000098d7      0x142 MCAL/RCC.o
                                       0x7eee (size before relaxing)
 .debug_str     0x0000000000009a19      0x184 MCAL/TIMER.o
                                       0x97d2 (size before relaxing)
 .debug_str     0x0000000000009b9d      0x698 MCAL/UART.o
                                       0x872f (size before relaxing)
 .debug_str     0x000000000000a235      0x396 Src/main.o
                                       0x9b52 (size before relaxing)
 .debug_str     0x000000000000a5cb       0x31 Startup/startup_stm32f103c8tx.o
                                         0x80 (size before relaxing)

.comment        0x0000000000000000       0x7b
 .comment       0x0000000000000000       0x7b HAL/DC_MOTOR.o
                                         0x7c (size before relaxing)
 .comment       0x000000000000007b       0x7c HAL/Servo.o
 .comment       0x000000000000007b       0x7c HAL/ULTRASONIC.o
 .comment       0x000000000000007b       0x7c MCAL/GPIO.o
 .comment       0x000000000000007b       0x7c MCAL/ISR.o
 .comment       0x000000000000007b       0x7c MCAL/RCC.o
 .comment       0x000000000000007b       0x7c MCAL/TIMER.o
 .comment       0x000000000000007b       0x7c MCAL/UART.o
 .comment       0x000000000000007b       0x7c Src/main.o

.debug_frame    0x0000000000000000      0xbdc
 .debug_frame   0x0000000000000000       0x50 HAL/DC_MOTOR.o
 .debug_frame   0x0000000000000050       0x38 HAL/Servo.o
 .debug_frame   0x0000000000000088       0xdc HAL/ULTRASONIC.o
 .debug_frame   0x0000000000000164      0x1ec MCAL/GPIO.o
 .debug_frame   0x0000000000000350      0x16c MCAL/ISR.o
 .debug_frame   0x00000000000004bc      0x108 MCAL/RCC.o
 .debug_frame   0x00000000000005c4      0x108 MCAL/TIMER.o
 .debug_frame   0x00000000000006cc      0x160 MCAL/UART.o
 .debug_frame   0x000000000000082c      0x198 Src/main.o
 .debug_frame   0x00000000000009c4       0x2c c:/st/stm32cubeide_1.4.0/stm32cubeide/plugins/com.st.stm32cube.ide.mcu.externaltools.gnu-tools-for-stm32.7-2018-q2-update.win32_1.4.0.202007081208/tools/bin/../lib/gcc/arm-none-eabi/7.3.1/../../../../arm-none-eabi/lib/thumb/v7-m\libc_nano.a(lib_a-init.o)
 .debug_frame   0x00000000000009f0       0xac c:/st/stm32cubeide_1.4.0/stm32cubeide/plugins/com.st.stm32cube.ide.mcu.externaltools.gnu-tools-for-stm32.7-2018-q2-update.win32_1.4.0.202007081208/tools/bin/../lib/gcc/arm-none-eabi/7.3.1/thumb/v7-m\libgcc.a(_arm_addsubdf3.o)
 .debug_frame   0x0000000000000a9c       0x50 c:/st/stm32cubeide_1.4.0/stm32cubeide/plugins/com.st.stm32cube.ide.mcu.externaltools.gnu-tools-for-stm32.7-2018-q2-update.win32_1.4.0.202007081208/tools/bin/../lib/gcc/arm-none-eabi/7.3.1/thumb/v7-m\libgcc.a(_arm_muldivdf3.o)
 .debug_frame   0x0000000000000aec       0x24 c:/st/stm32cubeide_1.4.0/stm32cubeide/plugins/com.st.stm32cube.ide.mcu.externaltools.gnu-tools-for-stm32.7-2018-q2-update.win32_1.4.0.202007081208/tools/bin/../lib/gcc/arm-none-eabi/7.3.1/thumb/v7-m\libgcc.a(_arm_fixunsdfsi.o)
 .debug_frame   0x0000000000000b10       0x24 c:/st/stm32cubeide_1.4.0/stm32cubeide/plugins/com.st.stm32cube.ide.mcu.externaltools.gnu-tools-for-stm32.7-2018-q2-update.win32_1.4.0.202007081208/tools/bin/../lib/gcc/arm-none-eabi/7.3.1/thumb/v7-m\libgcc.a(_arm_truncdfsf2.o)
 .debug_frame   0x0000000000000b34       0x4c c:/st/stm32cubeide_1.4.0/stm32cubeide/plugins/com.st.stm32cube.ide.mcu.externaltools.gnu-tools-for-stm32.7-2018-q2-update.win32_1.4.0.202007081208/tools/bin/../lib/gcc/arm-none-eabi/7.3.1/thumb/v7-m\libgcc.a(_arm_addsubsf3.o)
 .debug_frame   0x0000000000000b80       0x38 c:/st/stm32cubeide_1.4.0/stm32cubeide/plugins/com.st.stm32cube.ide.mcu.externaltools.gnu-tools-for-stm32.7-2018-q2-update.win32_1.4.0.202007081208/tools/bin/../lib/gcc/arm-none-eabi/7.3.1/thumb/v7-m\libgcc.a(_arm_muldivsf3.o)
 .debug_frame   0x0000000000000bb8       0x24 c:/st/stm32cubeide_1.4.0/stm32cubeide/plugins/com.st.stm32cube.ide.mcu.externaltools.gnu-tools-for-stm32.7-2018-q2-update.win32_1.4.0.202007081208/tools/bin/../lib/gcc/arm-none-eabi/7.3.1/thumb/v7-m\libgcc.a(_arm_fixunssfsi.o)
